../Drivers/CMSIS/Include/core_cm4.h:2064:26:ITM_SendChar	16	static,ignoring_inline_asm
../Core/Src/main.c:87:5:main	8	static
../Core/Src/main.c:174:6:SystemClock_Config	88	static
../Core/Src/main.c:217:5:__io_putchar	16	static
../Core/Src/main.c:224:13:MX_GPIO_Init	16	static
../Core/Src/main.c:250:6:StartTempCheckTask	24	static
../Core/Src/main.c:272:6:StartFanControl	24	static
../Core/Src/main.c:310:6:HAL_TIM_PeriodElapsedCallback	16	static
../Core/Src/main.c:328:6:Error_Handler	4	static,ignoring_inline_asm
