../Drivers/CMSIS/Include/core_cm4.h:2064:26:ITM_SendChar	16	static,ignoring_inline_asm
../Core/Src/main.c:84:5:main	8	static
../Core/Src/main.c:167:6:SystemClock_Config	88	static
../Core/Src/main.c:209:13:MX_GPIO_Init	16	static
../Core/Src/main.c:235:6:StartTempCheckTask	16	static
../Core/Src/main.c:255:6:StartFanControl	16	static
../Core/Src/main.c:280:6:HAL_TIM_PeriodElapsedCallback	16	static
../Core/Src/main.c:294:5:__io_putchar	16	static
../Core/Src/main.c:305:6:Error_Handler	4	static,ignoring_inline_asm
